// Jest Snapshot v1, https://goo.gl/fbAQLP

exports[`Pruebas en el counter app should match with snapshot 1`] = `
<div>
  <h1>
    Counter App
  </h1>
  <h2>
    123
  </h2>
  <button>
    +1
  </button>
  <button>
    -1
  </button>
  <button>
    reset
  </button>
</div>
`;
